[tradeoakcapital.app/home/index.html]
[backblue.gif]
[fade.gif]
[index.html]
[tradeoakcapital.app/home/img/bg4.png]
[tradeoakcapital.app/home/logo-mini1.png]
[tradeoakcapital.app/home/css/libs.css]
[tradeoakcapital.app/home/css/main.css]
[www.smartsuppchat.com/loaderd41d.js]
[translate.google.com/translate_a/elementa0d8.js]
[tradeoakcapital.app/home/logo.png]
[tradeoakcapital.app/home/logo1.png]
[tradeoakcapital.app/home/Home/Plan.html]
[tradeoakcapital.app/home/Home/About.html]
[tradeoakcapital.app/home/Home/Contact.html]
[tradeoakcapital.app/home/Home/Help.html]
[tradeoakcapital.app/home/Home/Terms.html]
[s3.tradingview.com/external-embedding/embed-widget-ticker-tape.js]
[tradeoakcapital.app/home/img/DD.jpg]
[s3.tradingview.com/external-embedding/embed-widget-advanced-chart.js]
[tradeoakcapital.app/home/img/bg11.png]
[tradeoakcapital.app/home/img/bg1.png]
[tradeoakcapital.app/home/img/ava.jpg]
[tradeoakcapital.app/home/img/ava2.jpg]
[tradeoakcapital.app/home/img/ava3.jpg]
[tradeoakcapital.app/home/lib/jquery/dist/jquery.js]
[tradeoakcapital.app/home/js/libs.js]
[tradeoakcapital.app/home/js/common.js]
[tradeoakcapital.app/home/index.html]
[tradeoakcapital.app/home/libs/bootstrap/css/bootstrap-grid.min.css]
[tradeoakcapital.app/home/libs/superfish-master/css/superfish.css]
[tradeoakcapital.app/home/libs/ytp-player/css/jquery.mb.YTPlayer.min.css]
[tradeoakcapital.app/home/libs/animsition/animsition.min.css]
[tradeoakcapital.app/home/libs/font-awesome-4.7.0/fonts/fontawesome-webfont3e6e3e6e3e6e.eot]
[tradeoakcapital.app/home/libs/font-awesome-4.7.0/fonts/fontawesome-webfontd41dd41dd41d.eot]
[tradeoakcapital.app/home/libs/font-awesome-4.7.0/fonts/fontawesome-webfont3e6e3e6e3e6e.woff2]
[tradeoakcapital.app/home/libs/font-awesome-4.7.0/fonts/fontawesome-webfont3e6e3e6e3e6e.woff]
[tradeoakcapital.app/home/libs/font-awesome-4.7.0/fonts/fontawesome-webfont3e6e3e6e3e6e.svg]
[tradeoakcapital.app/home/libs/font-awesome-4.7.0/fonts/fontawesome-webfont3e6e3e6e3e6e.ttf]
[tradeoakcapital.app/home/libs/pe-icon-7-stroke/fonts/Pe-icon-7-strokebb1dbb1dbb1d.eot]
[tradeoakcapital.app/home/libs/pe-icon-7-stroke/fonts/Pe-icon-7-stroked41dd41dd41d.eot]
[tradeoakcapital.app/home/libs/pe-icon-7-stroke/fonts/Pe-icon-7-strokebb1dbb1dbb1d.woff]
[tradeoakcapital.app/home/libs/pe-icon-7-stroke/fonts/Pe-icon-7-strokebb1dbb1dbb1d.ttf]
[tradeoakcapital.app/home/css/libs.css]
[tradeoakcapital.app/home/libs/pe-icon-7-stroke/fonts/Pe-icon-7-strokebb1dbb1dbb1d.svg]
[tradeoakcapital.app/home/img/after.png]
[tradeoakcapital.app/home/css/images/arrow-down.html]
[tradeoakcapital.app/home/img/search.png]
[tradeoakcapital.app/home/img/s1_triangle1.svg]
[tradeoakcapital.app/home/css/main.css]
[tradeoakcapital.app/home/“https_/www.smartsupp.html]
[tradeoakcapital.app/logo.png]
[tradeoakcapital.app/home/Home/Plan.html]
[tradeoakcapital.app/home/Home/About.html]
[tradeoakcapital.app/home/Home/Contact.html]
[tradeoakcapital.app/home/Account/Register.html]
[tradeoakcapital.app/home/Home/Help.html]
[tradeoakcapital.app/home/HMRC.png]
[tradeoakcapital.app/home/Home/Terms.html]
[tradeoakcapital.app/s3.tradingview.com/external-embedding/embed-widget-ticker-tape.html]
[tradeoakcapital.app/s3.tradingview.com/external-embedding/embed-widget-screener.html]
[tradeoakcapital.app/home/img/ava4.html]
[tradeoakcapital.app/translate.google.com/translate_a/element78767876.html]
[tradeoakcapital.app/home/libs/bootstrap/css/bootstrap-grid.min.css]
[tradeoakcapital.app/home/libs/superfish-master/css/superfish.css]
[tradeoakcapital.app/home/libs/ytp-player/css/font/ytp-regular.eot]
[tradeoakcapital.app/home/libs/ytp-player/css/font/ytp-regular.woff]
[tradeoakcapital.app/home/libs/ytp-player/css/images/raster.png]
[tradeoakcapital.app/home/libs/ytp-player/css/images/raster@2x.html]
[tradeoakcapital.app/home/libs/ytp-player/css/images/raster_dot.png]
[tradeoakcapital.app/home/libs/ytp-player/css/images/raster_dot@2x.html]
[tradeoakcapital.app/home/libs/ytp-player/css/jquery.mb.YTPlayer.min.css]
[tradeoakcapital.app/home/libs/animsition/animsition.min.css]
[tradeoakcapital.app/home/libs/font-awesome-4.7.0/fonts/fontawesome-webfont3e6e3e6e3e6e.svg]
[tradeoakcapital.app/home/libs/pe-icon-7-stroke/fonts/Pe-icon-7-strokebb1dbb1dbb1d.svg]
[tradeoakcapital.app/home/css/images/arrow-down.html]
[tradeoakcapital.app/home/img/s1_triangle1.svg]
[tradeoakcapital.app/home/Home/“https_/www.smartsupp.html]
[tradeoakcapital.app/home/Home/cdn-cgi/scripts/5c5dd728/cloudflare-static/email-decode.min.html]
[tradeoakcapital.app/home/Home/âhttps_/www.smartsupp.html]
[tradeoakcapital.app/home/videos/hotforex.html]
[tradeoakcapital.app/home/assets/css/vendor.min.css]
[tradeoakcapital.app/home/assets/css/default/app.min.css]
[tradeoakcapital.app/home/3.jpg]
[tradeoakcapital.app/home/Account/Login.html]
[tradeoakcapital.app/home/assets/js/vendor.min.js]
[tradeoakcapital.app/home/assets/js/app.min.js]
[tradeoakcapital.app/home/Account/Register.html]
[tradeoakcapital.app/www.smartsuppchat.com/loaderd41dd41d.html]
[tradeoakcapital.app/home/Home/“https_/www.smartsupp-2.html]
[tradeoakcapital.app/home/libs/ytp-player/css/images/raster@2x.html]
[tradeoakcapital.app/home/libs/ytp-player/css/images/raster_dot@2x.html]
[tradeoakcapital.app/home/assets/webfonts/fa-brands-400.woff2]
[tradeoakcapital.app/home/assets/webfonts/fa-regular-400.woff2]
[tradeoakcapital.app/home/assets/webfonts/fa-brands-400.ttf]
[tradeoakcapital.app/home/assets/webfonts/fa-regular-400.ttf]
[tradeoakcapital.app/home/assets/webfonts/fa-solid-900.woff2]
[tradeoakcapital.app/home/assets/webfonts/fa-solid-900.ttf]
[tradeoakcapital.app/home/assets/webfonts/fa-v4compatibility.woff2]
[tradeoakcapital.app/home/assets/css/vendor.min.css]
[tradeoakcapital.app/home/assets/webfonts/fa-v4compatibility.ttf]
[tradeoakcapital.app/home/assets/css/default/images/cover-sidebar.jpg]
[tradeoakcapital.app/home/assets/css/default/images/bg-login.png]
[tradeoakcapital.app/home/assets/css/default/images/bg-login-dark-mode.png]
[tradeoakcapital.app/home/assets/css/default/images/cover-sidebar-user.jpg]
[tradeoakcapital.app/home/assets/css/default/images/cover-pattern.png]
[tradeoakcapital.app/home/assets/css/default/images/coming-soon.jpg]
[tradeoakcapital.app/home/assets/css/default/images/error-page-pattern.png]
[tradeoakcapital.app/home/assets/css/default/images/profile-cover.jpg]
[tradeoakcapital.app/home/assets/css/default/app.min.css]
[tradeoakcapital.app/home/1.jpg]
[tradeoakcapital.app/home/Account/SendLink.html]
[tradeoakcapital.app/home/assets/js/demo/login-v2.demo.js]
[tradeoakcapital.app/home/Account/Login.html]
[tradeoakcapital.app/code.tidio.co/ndyggav7pb979zcwkpek2rpgqwqaio2r.html]
[tradeoakcapital.app/home/www.google-analytics.com/analytics.html]
[tradeoakcapital.app/home/cdn-cgi/scripts/7d0fa10a/cloudflare-static/rocket-loader.min.js]
[tradeoakcapital.app/home/asset2/css/sweetalert.css]
[tradeoakcapital.app/home/asset2/dashboard/vendor/nucleo/css/nucleo.css]
[tradeoakcapital.app/home/asset2/dashboard/vendor/@fortawesome/fontawesome-free/css/all.min.css]
[tradeoakcapital.app/home/asset2/dashboard/css/argon9f1e9f1e9f1e.css]
[tradeoakcapital.app/home/asset2/frontend/css/sweetalert.css]
[tradeoakcapital.app/home/asset2/images/logo_1589275665.png]
[tradeoakcapital.app/home/asset2/dashboard/vendor/jquery/dist/jquery.min.js]
[tradeoakcapital.app/home/asset2/dashboard/vendor/bootstrap/dist/js/bootstrap.bundle.min.js]
[tradeoakcapital.app/home/asset2/dashboard/vendor/js-cookie/js.cookie.js]
[tradeoakcapital.app/home/asset2/dashboard/vendor/jquery.scrollbar/jquery.scrollbar.min.js]
[tradeoakcapital.app/home/asset2/dashboard/vendor/jquery-scroll-lock/dist/jquery-scrollLock.min.js]
[tradeoakcapital.app/home/asset2/dashboard/js/argon9f1e9f1e9f1e.js]
[tradeoakcapital.app/home/asset2/dashboard/js/demo.min.js]
[tradeoakcapital.app/home/Account/SendLink.html]
[tradeoakcapital.app/home/Account/www.google-analytics.com/analytics.html]
[tradeoakcapital.app/home/Account/asset2/images/logo_1589275665.html]
[tradeoakcapital.app/home/asset2/css/sweetalert.css]
[tradeoakcapital.app/home/asset2/frontend/js/sweetalert.js]
[tradeoakcapital.app/home/asset2/dashboard/vendor/nucleo/fonts/nucleo-icons.eot]
[tradeoakcapital.app/home/asset2/dashboard/vendor/nucleo/fonts/nucleo-icons.woff2]
[tradeoakcapital.app/home/asset2/dashboard/vendor/nucleo/fonts/nucleo-icons.woff]
[tradeoakcapital.app/home/asset2/dashboard/vendor/nucleo/fonts/nucleo-icons.ttf]
[tradeoakcapital.app/home/asset2/dashboard/vendor/nucleo/css/nucleo.css]
[tradeoakcapital.app/home/asset2/dashboard/vendor/nucleo/fonts/nucleo-icons.svg]
[tradeoakcapital.app/home/asset2/dashboard/vendor/@fortawesome/fontawesome-free/webfonts/fa-brands-400.eot]
[tradeoakcapital.app/home/asset2/dashboard/vendor/@fortawesome/fontawesome-free/webfonts/fa-brands-400d41dd41dd41d.eot]
[tradeoakcapital.app/home/asset2/dashboard/vendor/@fortawesome/fontawesome-free/webfonts/fa-brands-400.woff2]
[tradeoakcapital.app/home/asset2/dashboard/vendor/@fortawesome/fontawesome-free/webfonts/fa-brands-400.woff]
[tradeoakcapital.app/home/asset2/dashboard/vendor/@fortawesome/fontawesome-free/webfonts/fa-brands-400.ttf]
[tradeoakcapital.app/home/asset2/dashboard/vendor/@fortawesome/fontawesome-free/webfonts/fa-regular-400.eot]
[tradeoakcapital.app/home/asset2/dashboard/vendor/@fortawesome/fontawesome-free/webfonts/fa-brands-400.svg]
[tradeoakcapital.app/home/asset2/dashboard/vendor/@fortawesome/fontawesome-free/webfonts/fa-regular-400d41dd41dd41d.eot]
[tradeoakcapital.app/home/asset2/dashboard/vendor/@fortawesome/fontawesome-free/webfonts/fa-regular-400.woff2]
[tradeoakcapital.app/home/asset2/dashboard/vendor/@fortawesome/fontawesome-free/webfonts/fa-regular-400.woff]
[tradeoakcapital.app/home/asset2/dashboard/vendor/@fortawesome/fontawesome-free/webfonts/fa-regular-400.ttf]
[tradeoakcapital.app/home/asset2/dashboard/vendor/@fortawesome/fontawesome-free/webfonts/fa-regular-400.svg]
[tradeoakcapital.app/home/asset2/dashboard/vendor/@fortawesome/fontawesome-free/webfonts/fa-solid-900d41dd41dd41d.eot]
[tradeoakcapital.app/home/asset2/dashboard/vendor/@fortawesome/fontawesome-free/webfonts/fa-solid-900.eot]
[tradeoakcapital.app/home/asset2/dashboard/vendor/@fortawesome/fontawesome-free/webfonts/fa-solid-900.woff2]
[tradeoakcapital.app/home/asset2/dashboard/vendor/@fortawesome/fontawesome-free/webfonts/fa-solid-900.woff]
[tradeoakcapital.app/home/asset2/dashboard/vendor/@fortawesome/fontawesome-free/css/all.min.css]
[tradeoakcapital.app/home/asset2/dashboard/vendor/@fortawesome/fontawesome-free/webfonts/fa-solid-900.ttf]
[tradeoakcapital.app/home/asset2/dashboard/vendor/@fortawesome/fontawesome-free/webfonts/fa-solid-900.svg]
[tradeoakcapital.app/home/asset2/dashboard/img/calendar/january.html]
[tradeoakcapital.app/home/asset2/dashboard/img/calendar/february.html]
[tradeoakcapital.app/home/asset2/dashboard/img/calendar/march.html]
[tradeoakcapital.app/home/asset2/dashboard/img/calendar/april.html]
[tradeoakcapital.app/home/asset2/dashboard/img/calendar/may.html]
[tradeoakcapital.app/home/asset2/dashboard/img/calendar/june.html]
[tradeoakcapital.app/home/asset2/dashboard/img/calendar/july.html]
[tradeoakcapital.app/home/asset2/dashboard/img/calendar/august.html]
[tradeoakcapital.app/home/asset2/dashboard/img/calendar/september.html]
[tradeoakcapital.app/home/asset2/dashboard/img/calendar/october.html]
[tradeoakcapital.app/home/asset2/dashboard/img/calendar/november.html]
[tradeoakcapital.app/home/asset2/dashboard/img/calendar/december.html]
[tradeoakcapital.app/home/asset2/dashboard/css/argon9f1e9f1e9f1e.css]
[tradeoakcapital.app/home/asset2/frontend/css/sweetalert.css]
[tradeoakcapital.app/home/asset2/dashboard/vendor/nucleo/fonts/nucleo-icons.svg]
[tradeoakcapital.app/home/asset2/dashboard/vendor/@fortawesome/fontawesome-free/webfonts/fa-brands-400.svg]
[tradeoakcapital.app/home/asset2/dashboard/vendor/@fortawesome/fontawesome-free/webfonts/fa-regular-400.svg]
[tradeoakcapital.app/home/asset2/dashboard/vendor/@fortawesome/fontawesome-free/webfonts/fa-solid-900.svg]
[tradeoakcapital.app/home/asset2/dashboard/img/calendar/january.html]
[tradeoakcapital.app/home/asset2/dashboard/img/calendar/february.html]
[tradeoakcapital.app/home/asset2/dashboard/img/calendar/march.html]
[tradeoakcapital.app/home/asset2/dashboard/img/calendar/april.html]
[tradeoakcapital.app/home/asset2/dashboard/img/calendar/may.html]
[tradeoakcapital.app/home/asset2/dashboard/img/calendar/june.html]
[tradeoakcapital.app/home/asset2/dashboard/img/calendar/july.html]
[tradeoakcapital.app/home/asset2/dashboard/img/calendar/august.html]
[tradeoakcapital.app/home/asset2/dashboard/img/calendar/september.html]
[tradeoakcapital.app/home/asset2/dashboard/img/calendar/october.html]
[tradeoakcapital.app/home/asset2/dashboard/img/calendar/november.html]
[tradeoakcapital.app/home/asset2/dashboard/img/calendar/december.html]
