[www.tranzit.com.ng/n/index.html]
[backblue.gif]
[fade.gif]
[index.html]
[cdnjs.cloudflare.com/ajax/libs/OwlCarousel2/2.1.3/assets/owl.carousel.min.css]
[www.tranzit.com.ng/n/index-2.html]
[www.tranzit.com.ng/n/loginn.html]
[www.tranzit.com.ng/n/register.html]
[www.tranzit.com.ng/n/pricing.html]
[www.tranzit.com.ng/n/services.html]
[www.tranzit.com.ng/n/testimonies.html]
[www.tranzit.com.ng/n/about.html]
[maxcdn.bootstrapcdn.com/bootstrap/4.1.1/css/bootstrap.min.css]
[maxcdn.bootstrapcdn.com/bootstrap/4.1.1/js/bootstrap.min.js]
[cdnjs.cloudflare.com/ajax/libs/font-awesome/5.15.3/css/all.min.css]
[www.tranzit.com.ng/n/images/laptpt.png]
[www.tranzit.com.ng/n/images/tele.png]
[www.tranzit.com.ng/n/telecom_services.html]
[www.tranzit.com.ng/n/images/programming.png]
[www.tranzit.com.ng/n/programming_services.html]
[www.tranzit.com.ng/n/images/digital-1.png]
[www.tranzit.com.ng/n/images/Mockup.png]
[www.tranzit.com.ng/n/images/phoo.png]
[www.tranzit.com.ng/n/js/jquery-3.4.1.min.js]
[www.tranzit.com.ng/n/js/bootstrap.js]
[www.tranzit.com.ng/n/index.html]
[cdnjs.cloudflare.com/ajax/libs/OwlCarousel2/2.1.3/assets/owl.video.play.png]
[cdnjs.cloudflare.com/ajax/libs/OwlCarousel2/2.1.3/assets/owl.carousel.min.css]
[www.tranzit.com.ng/n/css/bootstrap.css]
[www.tranzit.com.ng/n/images/search-icon.png]
[www.tranzit.com.ng/n/images/menu.png]
[www.tranzit.com.ng/n/images/prev.png]
[www.tranzit.com.ng/n/images/next.png]
[www.tranzit.com.ng/n/images/motiv.jpg]
[www.tranzit.com.ng/n/images/favicon.png]
[www.tranzit.com.ng/n/css/style.css]
[www.tranzit.com.ng/n/css/responsive.css]
[tranzit.com.ng/t/admin/images/TranzitPay.html]
[www.tranzit.com.ng/n/index-2.html]
[stackpath.bootstrapcdn.com/font-awesome/4.7.0/css/font-awesome.min.css]
[connect.facebook.net/en_US/fbevents.js]
[www.tranzit.com.ng/n/index-3.html]
[www.tranzit.com.ng/n/forget_password.html]
[www.tranzit.com.ng/n/style/js/jquery.min.js]
[www.tranzit.com.ng/n/style/js/popper.js]
[www.tranzit.com.ng/n/style/js/bootstrap.min.js]
[www.tranzit.com.ng/n/style/js/main.js]
[unpkg.com/sweetalert@2.1.2/dist/sweetalert.min.js]
[www.tranzit.com.ng/n/js/loadingOverlay.js]
[www.tranzit.com.ng/n/register.html]
[www.tranzit.com.ng/n/loginn.html]
[use.fontawesome.com/releases/v5.2.0/css/all.css]
[cdn.jsdelivr.net/npm/bootstrap@4.6.1/dist/css/bootstrap.min.css]
[cdnjs.cloudflare.com/ajax/libs/jquery/3.2.1/jquery.min.js]
[www.tranzit.com.ng/n/images/a.jpg]
[www.tranzit.com.ng/n/images/Glo-Cafe.webp]
[www.tranzit.com.ng/n/images/9-Mobile-Logo.webp]
[www.tranzit.com.ng/n/images/images.png]
[www.tranzit.com.ng/n/images/9Mobile.jpg]
[www.tranzit.com.ng/n/images/glo.jpg]
[www.tranzit.com.ng/n/images/airtel.jpg]
[www.tranzit.com.ng/n/images/mtn.jpg]
[www.tranzit.com.ng/n/images/dstv.png]
[www.tranzit.com.ng/n/images/gotv.png]
[www.tranzit.com.ng/n/images/STARTIMES-LOGO.webp]
[ajax.googleapis.com/ajax/libs/jquery/3.3.1/jquery.min.js]
[maxcdn.bootstrapcdn.com/bootstrap/3.3.7/js/bootstrap.min.js]
[cdn.jsdelivr.net/npm/jquery@3.6.0/dist/jquery.slim.min.js]
[cdn.jsdelivr.net/npm/popper.js@1.16.1/dist/umd/popper.min.js]
[www.tranzit.com.ng/n/pricing.html]
[www.tranzit.com.ng/n/services.html]
[cdn.jsdelivr.net/npm/bootstrap@4.6.1/dist/js/bootstrap.bundle.min.js]
[cdn.jsdelivr.net/npm/swiper@9/swiper-bundle.min.css]
[www.tranzit.com.ng/n/testimonies.html]
[cdn.jsdelivr.net/npm/swiper@9/swiper-bundle.min.js]
[kit.fontawesome.com/a076d05399.4c.delayed]
[www.tranzit.com.ng/n/images/site1.jpg]
[www.tranzit.com.ng/n/images/site4.jpg]
[www.tranzit.com.ng/n/images/site3.jpg]
[www.tranzit.com.ng/n/about.html]
[maxcdn.bootstrapcdn.com/bootstrap/4.1.1/css/bootstrap.min.css]
[cdnjs.cloudflare.com/ajax/libs/font-awesome/5.15.3/css/all.min.css]
[www.tranzit.com.ng/n/n/images/slide1.html]
[www.tranzit.com.ng/n/images/buy_data.png]
[www.tranzit.com.ng/n/images/airtime.png]
[www.tranzit.com.ng/n/images/ele.jpg]
[www.tranzit.com.ng/n/images/cable_tv4.jpg]
[www.tranzit.com.ng/n/images/fundacc.jpg]
[www.tranzit.com.ng/n/images/web.png]
[www.tranzit.com.ng/n/images/sms.png]
[www.tranzit.com.ng/n/images/Withdrawa.png]
[www.tranzit.com.ng/n/telecom_services.html]
[www.tranzit.com.ng/n/images/webcre.png]
[www.tranzit.com.ng/n/web_creation.html]
[www.tranzit.com.ng/n/images/webcreation.webp]
[www.tranzit.com.ng/n/web_design.html]
[www.tranzit.com.ng/n/images/webdev.webp]
[www.tranzit.com.ng/n/programming_services.html]
[www.tranzit.com.ng/n/n/images1/api3.html]
[stackpath.bootstrapcdn.com/font-awesome/4.7.0/css/font-awesome.min.css]
[www.tranzit.com.ng/n/style/css/style.css]
[www.tranzit.com.ng/n/web_development.html]
[connect.facebook.net/en_US/fbevents.js]
[www.tranzit.com.ng/n/index-3.html]
[www.tranzit.com.ng/n/forget_password.html]
[use.fontawesome.com/releases/v5.2.0/css/all.css]
[cdn.jsdelivr.net/npm/bootstrap@4.6.1/dist/css/bootstrap.min.css]
[cdn.jsdelivr.net/npm/swiper@9/swiper-bundle.min.css]
[kit.fontawesome.com/a076d05399.html]
[i.ibb.co/d6KQxz0/dots.png]
[www.tranzit.com.ng/n/images/airtime.svg]
[www.tranzit.com.ng/n/images/vtu.jpg]
[www.tranzit.com.ng/n/images/ecommerce.jpg]
[www.tranzit.com.ng/n/images/Business.jpg]
[www.tranzit.com.ng/n/images/church.jpg]
[www.tranzit.com.ng/n/web_creation.html]
[www.tranzit.com.ng/n/images/HTML5.png]
[www.tranzit.com.ng/n/images/CSS.png]
[www.tranzit.com.ng/n/images/js.png]
[www.tranzit.com.ng/n/images/bs.png]
[www.tranzit.com.ng/n/images/jquery.png]
[www.tranzit.com.ng/n/web_design.html]
[www.tranzit.com.ng/n/images/php.png]
[www.tranzit.com.ng/n/images/py.jpg]
[www.tranzit.com.ng/n/images/mysql.png]
[www.tranzit.com.ng/n/images/api.jpg]
[www.tranzit.com.ng/n/images/ajax.jpg]
[www.tranzit.com.ng/n/images/nodejs.webp]
[www.tranzit.com.ng/n/images/word.png]
[www.tranzit.com.ng/n/web_development.html]
[www.tranzit.com.ng/n/a.html]
[www.tranzit.com.ng/n/POST.html]
[www.tranzit.com.ng/n/schema.org/index.html]
[www.tranzit.com.ng/n/b.html]
[www.tranzit.com.ng/n/d.html]
[www.tranzit.com.ng/signals/iwl.html]
[www.tranzit.com.ng/n/c.html]
[www.tranzit.com.ng/n/c-2.html]
[www.tranzit.com.ng/n/images/database.html]
